// Jest Snapshot v1, https://goo.gl/fbAQLP

exports[`PlacePage snapshot 1`] = `
<main
  className="page__main page__main--property"
>
  <section
    className="property"
  >
    <div
      className="property__gallery-container container"
    >
      <div
        className="property__gallery"
      >
        <div
          className="property__image-wrapper"
        >
          <img
            alt="Photo studio"
            className="property__image"
            src="url1"
          />
        </div>
        <div
          className="property__image-wrapper"
        >
          <img
            alt="Photo studio"
            className="property__image"
            src="url2"
          />
        </div>
        <div
          className="property__image-wrapper"
        >
          <img
            alt="Photo studio"
            className="property__image"
            src="url3"
          />
        </div>
      </div>
    </div>
    <div
      className="property__container container"
    >
      <div
        className="property__wrapper"
      >
        <div
          className="property__mark"
        >
          <span>
            Premium
          </span>
        </div>
        <div
          className="property__name-wrapper"
        >
          <h1
            className="property__name"
          >
            Test title 1
          </h1>
          <button
            className="property__bookmark-button button property__bookmark-button--active"
            onClick={[Function]}
            type="button"
          >
            <svg
              className="property__bookmark-icon"
              height="33"
              width="31"
            >
              <use
                xlinkHref="#icon-bookmark"
              />
            </svg>
            <span
              className="visually-hidden"
            >
              To bookmarks
            </span>
          </button>
        </div>
        <div
          className="property__rating rating"
        >
          <div
            className="property__stars rating__stars"
          >
            <span
              style={
                Object {
                  "width": "440%",
                }
              }
            />
            <span
              className="visually-hidden"
            >
              Rating
            </span>
          </div>
          <span
            className="property__rating-value rating__value"
          >
            22
          </span>
        </div>
        <ul
          className="property__features"
        >
          <li
            className="property__feature property__feature--entire"
          >
            Apartment
          </li>
          <li
            className="property__feature property__feature--bedrooms"
          >
            2
             Bedrooms
          </li>
          <li
            className="property__feature property__feature--adults"
          >
            Max 
            2
             adults
          </li>
        </ul>
        <div
          className="property__price"
        >
          <b
            className="property__price-value"
          >
            €
            111
          </b>
          <span
            className="property__price-text"
          >
             night
          </span>
        </div>
        <div
          className="property__inside"
        >
          <h2
            className="property__inside-title"
          >
            What's inside
          </h2>
          <ul
            className="property__inside-list"
          >
            <li
              className="property__inside-item"
            >
              one
            </li>
            <li
              className="property__inside-item"
            >
              two
            </li>
            <li
              className="property__inside-item"
            >
              tree
            </li>
          </ul>
        </div>
        <div
          className="property__host"
        >
          <h2
            className="property__host-title"
          >
            Meet the host
          </h2>
          <div
            className="property__host-user user"
          >
            <div
              className="property__avatar-wrapper property__avatar-wrapper--pro user__avatar-wrapper"
            >
              <img
                alt="Host avatar"
                className="property__avatar user__avatar"
                height="74"
                src="/url"
                width="74"
              />
            </div>
            <span
              className="property__user-name"
            >
              name
            </span>
            <span
              className="property__user-status"
            >
              Pro
            </span>
          </div>
          <div
            className="property__description"
          >
            <p
              className="property__text"
            >
              text
            </p>
          </div>
        </div>
        <section
          className="property__reviews reviews"
        >
          <Memo(ConnectFunction)
            placeId={999}
          />
        </section>
      </div>
    </div>
    <section
      className="property__map map"
    >
      <CityMap
        activePlace={
          Object {
            "bedrooms": 2,
            "city": Object {
              "location": Object {
                "latitude": 1,
                "longitude": 2,
                "zoom": 13,
              },
              "name": "City name 1",
            },
            "description": "text",
            "goods": Array [
              "one",
              "two",
              "tree",
            ],
            "host": Object {
              "avatarUrl": "url",
              "id": 1,
              "isPro": true,
              "name": "name",
            },
            "id": 999,
            "images": Array [
              "url1",
              "url2",
              "url3",
            ],
            "isFavorite": true,
            "isPremium": true,
            "location": Object {
              "latitude": 1,
              "longitude": 2,
              "zoom": 13,
            },
            "maxAdults": 2,
            "picture": "test-image1.jpg",
            "previewImage": "",
            "price": 111,
            "rating": 22,
            "title": "Test title 1",
            "type": "apartment",
          }
        }
        city={
          Object {
            "location": Object {
              "latitude": 1,
              "longitude": 2,
              "zoom": 13,
            },
            "name": "City name 1",
          }
        }
        places={
          Array [
            Object {
              "bedrooms": 3,
              "city": Object {
                "location": Object {
                  "latitude": 1,
                  "longitude": 2,
                  "zoom": 13,
                },
                "name": "City name 2",
              },
              "coordinates": Array [
                52.3909553943508,
                4.85309666406198,
              ],
              "description": "text",
              "goods": Array [
                "one",
                "two",
                "tree",
              ],
              "host": Object {
                "avatarUrl": "url",
                "id": 1,
                "isPro": true,
                "name": "name",
              },
              "id": 222,
              "images": Array [
                "url1",
                "url2",
                "url3",
              ],
              "isFavorite": true,
              "isPremium": false,
              "location": Object {
                "latitude": 1,
                "longitude": 2,
                "zoom": 13,
              },
              "maxAdults": 1,
              "picture": "test-image2.jpg",
              "previewImage": "",
              "price": 222,
              "rating": 100,
              "title": "Test title 2",
              "type": "house",
            },
            Object {
              "bedrooms": 3,
              "city": Object {
                "location": Object {
                  "latitude": 1,
                  "longitude": 2,
                  "zoom": 13,
                },
                "name": "City name 2",
              },
              "coordinates": Array [
                52.3909553943508,
                4.85309666406198,
              ],
              "description": "text",
              "goods": Array [
                "one",
                "two",
                "tree",
              ],
              "host": Object {
                "avatarUrl": "url",
                "id": 1,
                "isPro": true,
                "name": "name",
              },
              "id": 222,
              "images": Array [
                "url1",
                "url2",
                "url3",
              ],
              "isFavorite": true,
              "isPremium": false,
              "location": Object {
                "latitude": 1,
                "longitude": 2,
                "zoom": 13,
              },
              "maxAdults": 1,
              "picture": "test-image2.jpg",
              "previewImage": "",
              "price": 222,
              "rating": 100,
              "title": "Test title 2",
              "type": "house",
            },
            Object {
              "bedrooms": 3,
              "city": Object {
                "location": Object {
                  "latitude": 1,
                  "longitude": 2,
                  "zoom": 13,
                },
                "name": "City name 2",
              },
              "coordinates": Array [
                52.3909553943508,
                4.85309666406198,
              ],
              "description": "text",
              "goods": Array [
                "one",
                "two",
                "tree",
              ],
              "host": Object {
                "avatarUrl": "url",
                "id": 1,
                "isPro": true,
                "name": "name",
              },
              "id": 222,
              "images": Array [
                "url1",
                "url2",
                "url3",
              ],
              "isFavorite": true,
              "isPremium": false,
              "location": Object {
                "latitude": 1,
                "longitude": 2,
                "zoom": 13,
              },
              "maxAdults": 1,
              "picture": "test-image2.jpg",
              "previewImage": "",
              "price": 222,
              "rating": 100,
              "title": "Test title 2",
              "type": "house",
            },
            Object {
              "bedrooms": 2,
              "city": Object {
                "location": Object {
                  "latitude": 1,
                  "longitude": 2,
                  "zoom": 13,
                },
                "name": "City name 1",
              },
              "description": "text",
              "goods": Array [
                "one",
                "two",
                "tree",
              ],
              "host": Object {
                "avatarUrl": "url",
                "id": 1,
                "isPro": true,
                "name": "name",
              },
              "id": 999,
              "images": Array [
                "url1",
                "url2",
                "url3",
              ],
              "isFavorite": true,
              "isPremium": true,
              "location": Object {
                "latitude": 1,
                "longitude": 2,
                "zoom": 13,
              },
              "maxAdults": 2,
              "picture": "test-image1.jpg",
              "previewImage": "",
              "price": 111,
              "rating": 22,
              "title": "Test title 1",
              "type": "apartment",
            },
          ]
        }
      />
    </section>
  </section>
  <div
    className="container"
  >
    <section
      className="near-places places"
    >
      <h2
        className="near-places__title"
      >
        Other places in the neighbourhood
      </h2>
      <div
        className="near-places__list places__list"
      >
        <Memo(ConnectFunction)
          place={
            Object {
              "bedrooms": 3,
              "city": Object {
                "location": Object {
                  "latitude": 1,
                  "longitude": 2,
                  "zoom": 13,
                },
                "name": "City name 2",
              },
              "coordinates": Array [
                52.3909553943508,
                4.85309666406198,
              ],
              "description": "text",
              "goods": Array [
                "one",
                "two",
                "tree",
              ],
              "host": Object {
                "avatarUrl": "url",
                "id": 1,
                "isPro": true,
                "name": "name",
              },
              "id": 222,
              "images": Array [
                "url1",
                "url2",
                "url3",
              ],
              "isFavorite": true,
              "isPremium": false,
              "location": Object {
                "latitude": 1,
                "longitude": 2,
                "zoom": 13,
              },
              "maxAdults": 1,
              "picture": "test-image2.jpg",
              "previewImage": "",
              "price": 222,
              "rating": 100,
              "title": "Test title 2",
              "type": "house",
            }
          }
        />
        <Memo(ConnectFunction)
          place={
            Object {
              "bedrooms": 3,
              "city": Object {
                "location": Object {
                  "latitude": 1,
                  "longitude": 2,
                  "zoom": 13,
                },
                "name": "City name 2",
              },
              "coordinates": Array [
                52.3909553943508,
                4.85309666406198,
              ],
              "description": "text",
              "goods": Array [
                "one",
                "two",
                "tree",
              ],
              "host": Object {
                "avatarUrl": "url",
                "id": 1,
                "isPro": true,
                "name": "name",
              },
              "id": 222,
              "images": Array [
                "url1",
                "url2",
                "url3",
              ],
              "isFavorite": true,
              "isPremium": false,
              "location": Object {
                "latitude": 1,
                "longitude": 2,
                "zoom": 13,
              },
              "maxAdults": 1,
              "picture": "test-image2.jpg",
              "previewImage": "",
              "price": 222,
              "rating": 100,
              "title": "Test title 2",
              "type": "house",
            }
          }
        />
        <Memo(ConnectFunction)
          place={
            Object {
              "bedrooms": 3,
              "city": Object {
                "location": Object {
                  "latitude": 1,
                  "longitude": 2,
                  "zoom": 13,
                },
                "name": "City name 2",
              },
              "coordinates": Array [
                52.3909553943508,
                4.85309666406198,
              ],
              "description": "text",
              "goods": Array [
                "one",
                "two",
                "tree",
              ],
              "host": Object {
                "avatarUrl": "url",
                "id": 1,
                "isPro": true,
                "name": "name",
              },
              "id": 222,
              "images": Array [
                "url1",
                "url2",
                "url3",
              ],
              "isFavorite": true,
              "isPremium": false,
              "location": Object {
                "latitude": 1,
                "longitude": 2,
                "zoom": 13,
              },
              "maxAdults": 1,
              "picture": "test-image2.jpg",
              "previewImage": "",
              "price": 222,
              "rating": 100,
              "title": "Test title 2",
              "type": "house",
            }
          }
        />
      </div>
    </section>
  </div>
</main>
`;
