// Jest Snapshot v1, https://goo.gl/fbAQLP

exports[`Property render is correct 1`] = `
<div
  className="page page__main page__main--property"
>
  <section
    className="property"
  >
    <div
      className="property__gallery-container container"
    >
      <div
        className="property__gallery"
      />
    </div>
    <div
      className="property__container container"
    >
      <div
        className="property__wrapper"
      >
        <div
          className="property__mark"
        >
          <span>
            Premium
          </span>
        </div>
        <div
          className="property__name-wrapper"
        >
          <h1
            className="property__name"
          >
            Waterfront with extraordinary view
          </h1>
          <button
            className="property__bookmark-button button false"
            onClick={[Function]}
            type="button"
          >
            <svg
              className="property__bookmark-icon"
              height="33"
              width="31"
            >
              <use
                xlinkHref="#icon-bookmark"
              />
            </svg>
            <span
              className="visually-hidden"
            >
              To bookmarks
            </span>
          </button>
        </div>
        <div
          className="property__rating rating"
        >
          <div
            className="property__stars rating__stars"
          >
            <span
              style={
                Object {
                  "width": "60%",
                }
              }
            />
            <span
              className="visually-hidden"
            >
              Rating
            </span>
          </div>
          <span
            className="property__rating-value rating__value"
          >
            3
          </span>
        </div>
        <ul
          className="property__features"
        >
          <li
            className="property__feature property__feature--entire"
          >
            room
          </li>
          <li
            className="property__feature property__feature--bedrooms"
          >
            4
             Bedrooms
          </li>
          <li
            className="property__feature property__feature--adults"
          >
            Max 
            1
             adults
          </li>
        </ul>
        <div
          className="property__price"
        >
          <b
            className="property__price-value"
          >
            €
            1234
          </b>
          <span
            className="property__price-text"
          >
             night
          </span>
        </div>
        <div
          className="property__inside"
        >
          <h2
            className="property__inside-title"
          >
            What's inside
          </h2>
          <ul
            className="property__inside-list"
          >
            <li
              className="property__inside-item"
            >
              Washer
            </li>
            <li
              className="property__inside-item"
            >
              Towels
            </li>
          </ul>
        </div>
        <div
          className="property__host"
        >
          <h2
            className="property__host-title"
          >
            Meet the host
          </h2>
          <div
            className="property__host-user user"
          >
            <div
              className="property__avatar-wrapper user__avatar-wrapper "
            >
              <img
                alt="Host avatar"
                className="property__avatar user__avatar"
                height="74"
                src="/"
                width="74"
              />
            </div>
            <span
              className="property__user-name"
            >
              Serhii
            </span>
          </div>
          <div
            className="property__description"
          >
            <p
              className="property__text"
            >
              Relax, rejuvenate and unplug in this ultimate rustic getaway experience in the country.
            </p>
          </div>
        </div>
        <section
          className="property__reviews reviews"
        />
      </div>
    </div>
    <section
      className="property__map map"
    />
    <div
      className="container"
    >
      <section
        className="near-places places"
      >
        <h2
          className="near-places__title"
        >
          Other places in the neighbourhood
        </h2>
        <div
          className="near-places__list places__list"
        />
      </section>
    </div>
  </section>
</div>
`;
