// Jest Snapshot v1, https://goo.gl/fbAQLP

exports[`MainPage snapshot 1`] = `
<React.Fragment>
  <main
    className="page__main page__main--index
      "
  >
    <h1
      className="visually-hidden"
    >
      Cities
    </h1>
    <CitiesList
      activeCity={
        Object {
          "location": Object {
            "latitude": 1,
            "longitude": 2,
            "zoom": 13,
          },
          "name": "City name 1",
        }
      }
      cities={
        Array [
          Object {
            "location": Object {
              "latitude": 1,
              "longitude": 2,
              "zoom": 13,
            },
            "name": "City name 1",
          },
          Object {
            "location": Object {
              "latitude": 2,
              "longitude": 3,
              "zoom": 13,
            },
            "name": "City name 2",
          },
        ]
      }
      onCityClick={[Function]}
    />
    <WithPlacesSort
      activePlace={null}
      city={
        Object {
          "location": Object {
            "latitude": 1,
            "longitude": 2,
            "zoom": 13,
          },
          "name": "City name 1",
        }
      }
      onActivatePlace={[MockFunction]}
      places={
        Array [
          Object {
            "bedrooms": 2,
            "city": Object {
              "location": Object {
                "latitude": 1,
                "longitude": 2,
                "zoom": 13,
              },
              "name": "City name 1",
            },
            "description": "text",
            "goods": Array [
              "one",
              "two",
              "tree",
            ],
            "host": Object {
              "avatarUrl": "url",
              "id": 1,
              "isPro": true,
              "name": "name",
            },
            "id": 999,
            "images": Array [
              "url1",
              "url2",
              "url3",
            ],
            "isFavorite": true,
            "isPremium": true,
            "location": Object {
              "latitude": 1,
              "longitude": 2,
              "zoom": 13,
            },
            "maxAdults": 2,
            "picture": "test-image1.jpg",
            "previewImage": "",
            "price": 111,
            "rating": 22,
            "title": "Test title 1",
            "type": "apartment",
          },
          Object {
            "bedrooms": 3,
            "city": Object {
              "location": Object {
                "latitude": 1,
                "longitude": 2,
                "zoom": 13,
              },
              "name": "City name 2",
            },
            "coordinates": Array [
              52.3909553943508,
              4.85309666406198,
            ],
            "description": "text",
            "goods": Array [
              "one",
              "two",
              "tree",
            ],
            "host": Object {
              "avatarUrl": "url",
              "id": 1,
              "isPro": true,
              "name": "name",
            },
            "id": 222,
            "images": Array [
              "url1",
              "url2",
              "url3",
            ],
            "isFavorite": true,
            "isPremium": false,
            "location": Object {
              "latitude": 1,
              "longitude": 2,
              "zoom": 13,
            },
            "maxAdults": 1,
            "picture": "test-image2.jpg",
            "previewImage": "",
            "price": 222,
            "rating": 100,
            "title": "Test title 2",
            "type": "house",
          },
        ]
      }
    />
  </main>
</React.Fragment>
`;
